Archive member included to satisfy reference by file (symbol)

D:/App/ST/STM32CubeIDE_2.1.1/STM32CubeIDE/plugins/com.st.stm32cube.ide.mcu.externaltools.gnu-tools-for-stm32.14.3.rel1.win32_1.0.100.202602081740/tools/bin/../lib/gcc/arm-none-eabi/14.3.1/../../../../arm-none-eabi/lib/thumb/v8-m.main+fp/hard\libc_nano.a(libc_a-exit.o)
                              D:/App/ST/STM32CubeIDE_2.1.1/STM32CubeIDE/plugins/com.st.stm32cube.ide.mcu.externaltools.gnu-tools-for-stm32.14.3.rel1.win32_1.0.100.202602081740/tools/bin/../lib/gcc/arm-none-eabi/14.3.1/../../../../arm-none-eabi/lib/thumb/v8-m.main+fp/hard/crt0.o (exit)
D:/App/ST/STM32CubeIDE_2.1.1/STM32CubeIDE/plugins/com.st.stm32cube.ide.mcu.externaltools.gnu-tools-for-stm32.14.3.rel1.win32_1.0.100.202602081740/tools/bin/../lib/gcc/arm-none-eabi/14.3.1/../../../../arm-none-eabi/lib/thumb/v8-m.main+fp/hard\libc_nano.a(libc_a-findfp.o)
                              D:/App/ST/STM32CubeIDE_2.1.1/STM32CubeIDE/plugins/com.st.stm32cube.ide.mcu.externaltools.gnu-tools-for-stm32.14.3.rel1.win32_1.0.100.202602081740/tools/bin/../lib/gcc/arm-none-eabi/14.3.1/../../../../arm-none-eabi/lib/thumb/v8-m.main+fp/hard\libc_nano.a(libc_a-exit.o) (__stdio_exit_handler)
D:/App/ST/STM32CubeIDE_2.1.1/STM32CubeIDE/plugins/com.st.stm32cube.ide.mcu.externaltools.gnu-tools-for-stm32.14.3.rel1.win32_1.0.100.202602081740/tools/bin/../lib/gcc/arm-none-eabi/14.3.1/../../../../arm-none-eabi/lib/thumb/v8-m.main+fp/hard\libc_nano.a(libc_a-fwalk.o)
                              D:/App/ST/STM32CubeIDE_2.1.1/STM32CubeIDE/plugins/com.st.stm32cube.ide.mcu.externaltools.gnu-tools-for-stm32.14.3.rel1.win32_1.0.100.202602081740/tools/bin/../lib/gcc/arm-none-eabi/14.3.1/../../../../arm-none-eabi/lib/thumb/v8-m.main+fp/hard\libc_nano.a(libc_a-findfp.o) (_fwalk_sglue)
D:/App/ST/STM32CubeIDE_2.1.1/STM32CubeIDE/plugins/com.st.stm32cube.ide.mcu.externaltools.gnu-tools-for-stm32.14.3.rel1.win32_1.0.100.202602081740/tools/bin/../lib/gcc/arm-none-eabi/14.3.1/../../../../arm-none-eabi/lib/thumb/v8-m.main+fp/hard\libc_nano.a(libc_a-stdio.o)
                              D:/App/ST/STM32CubeIDE_2.1.1/STM32CubeIDE/plugins/com.st.stm32cube.ide.mcu.externaltools.gnu-tools-for-stm32.14.3.rel1.win32_1.0.100.202602081740/tools/bin/../lib/gcc/arm-none-eabi/14.3.1/../../../../arm-none-eabi/lib/thumb/v8-m.main+fp/hard\libc_nano.a(libc_a-findfp.o) (__sread)
D:/App/ST/STM32CubeIDE_2.1.1/STM32CubeIDE/plugins/com.st.stm32cube.ide.mcu.externaltools.gnu-tools-for-stm32.14.3.rel1.win32_1.0.100.202602081740/tools/bin/../lib/gcc/arm-none-eabi/14.3.1/../../../../arm-none-eabi/lib/thumb/v8-m.main+fp/hard\libc_nano.a(libc_a-memset.o)
                              D:/App/ST/STM32CubeIDE_2.1.1/STM32CubeIDE/plugins/com.st.stm32cube.ide.mcu.externaltools.gnu-tools-for-stm32.14.3.rel1.win32_1.0.100.202602081740/tools/bin/../lib/gcc/arm-none-eabi/14.3.1/../../../../arm-none-eabi/lib/thumb/v8-m.main+fp/hard/crt0.o (memset)
D:/App/ST/STM32CubeIDE_2.1.1/STM32CubeIDE/plugins/com.st.stm32cube.ide.mcu.externaltools.gnu-tools-for-stm32.14.3.rel1.win32_1.0.100.202602081740/tools/bin/../lib/gcc/arm-none-eabi/14.3.1/../../../../arm-none-eabi/lib/thumb/v8-m.main+fp/hard\libc_nano.a(libc_a-closer.o)
                              D:/App/ST/STM32CubeIDE_2.1.1/STM32CubeIDE/plugins/com.st.stm32cube.ide.mcu.externaltools.gnu-tools-for-stm32.14.3.rel1.win32_1.0.100.202602081740/tools/bin/../lib/gcc/arm-none-eabi/14.3.1/../../../../arm-none-eabi/lib/thumb/v8-m.main+fp/hard\libc_nano.a(libc_a-stdio.o) (_close_r)
D:/App/ST/STM32CubeIDE_2.1.1/STM32CubeIDE/plugins/com.st.stm32cube.ide.mcu.externaltools.gnu-tools-for-stm32.14.3.rel1.win32_1.0.100.202602081740/tools/bin/../lib/gcc/arm-none-eabi/14.3.1/../../../../arm-none-eabi/lib/thumb/v8-m.main+fp/hard\libc_nano.a(libc_a-reent.o)
                              D:/App/ST/STM32CubeIDE_2.1.1/STM32CubeIDE/plugins/com.st.stm32cube.ide.mcu.externaltools.gnu-tools-for-stm32.14.3.rel1.win32_1.0.100.202602081740/tools/bin/../lib/gcc/arm-none-eabi/14.3.1/../../../../arm-none-eabi/lib/thumb/v8-m.main+fp/hard\libc_nano.a(libc_a-closer.o) (errno)
D:/App/ST/STM32CubeIDE_2.1.1/STM32CubeIDE/plugins/com.st.stm32cube.ide.mcu.externaltools.gnu-tools-for-stm32.14.3.rel1.win32_1.0.100.202602081740/tools/bin/../lib/gcc/arm-none-eabi/14.3.1/../../../../arm-none-eabi/lib/thumb/v8-m.main+fp/hard\libc_nano.a(libc_a-impure.o)
                              D:/App/ST/STM32CubeIDE_2.1.1/STM32CubeIDE/plugins/com.st.stm32cube.ide.mcu.externaltools.gnu-tools-for-stm32.14.3.rel1.win32_1.0.100.202602081740/tools/bin/../lib/gcc/arm-none-eabi/14.3.1/../../../../arm-none-eabi/lib/thumb/v8-m.main+fp/hard\libc_nano.a(libc_a-reent.o) (_impure_ptr)
D:/App/ST/STM32CubeIDE_2.1.1/STM32CubeIDE/plugins/com.st.stm32cube.ide.mcu.externaltools.gnu-tools-for-stm32.14.3.rel1.win32_1.0.100.202602081740/tools/bin/../lib/gcc/arm-none-eabi/14.3.1/../../../../arm-none-eabi/lib/thumb/v8-m.main+fp/hard\libc_nano.a(libc_a-lseekr.o)
[...]
Memory Configuration

Name             Origin             Length             Attributes
RAM              0x20040000         0x00080000         xrw
SRAM4            0x28000000         0x00004000         xrw
FLASH            0x08100000         0x00100000         xr
*default*        0x00000000         0xffffffff

Linker script and memory map

LOAD D:/App/ST/STM32CubeIDE_2.1.1/STM32CubeIDE/plugins/com.st.stm32cube.ide.mcu.externaltools.gnu-tools-for-stm32.14.3.rel1.win32_1.0.100.202602081740/tools/bin/../lib/gcc/arm-none-eabi/14.3.1/thumb/v8-m.main+fp/hard/crti.o
LOAD D:/App/ST/STM32CubeIDE_2.1.1/STM32CubeIDE/plugins/com.st.stm32cube.ide.mcu.externaltools.gnu-tools-for-stm32.14.3.rel1.win32_1.0.100.202602081740/tools/bin/../lib/gcc/arm-none-eabi/14.3.1/thumb/v8-m.main+fp/hard/crtbegin.o
LOAD D:/App/ST/STM32CubeIDE_2.1.1/STM32CubeIDE/plugins/com.st.stm32cube.ide.mcu.externaltools.gnu-tools-for-stm32.14.3.rel1.win32_1.0.100.202602081740/tools/bin/../lib/gcc/arm-none-eabi/14.3.1/../../../../arm-none-eabi/lib/thumb/v8-m.main+fp/hard/crt0.o
LOAD ./Core/Src/main.o
LOAD ./Core/Src/stm32u5xx_hal_msp.o
LOAD ./Core/Src/stm32u5xx_it.o
LOAD ./Core/Src/syscalls.o
LOAD ./Core/Src/sysmem.o
LOAD ./Core/Src/system_stm32u5xx_ns.o
LOAD ./Core/Startup/startup_stm32u585aiixq.o
LOAD ./Drivers/STM32U5xx_HAL_Driver/stm32u5xx_hal.o
LOAD ./Drivers/STM32U5xx_HAL_Driver/stm32u5xx_hal_cortex.o
LOAD ./Drivers/STM32U5xx_HAL_Driver/stm32u5xx_hal_dma.o
LOAD ./Drivers/STM32U5xx_HAL_Driver/stm32u5xx_hal_dma_ex.o
LOAD ./Drivers/STM32U5xx_HAL_Driver/stm32u5xx_hal_exti.o
LOAD ./Drivers/STM32U5xx_HAL_Driver/stm32u5xx_hal_flash.o
LOAD ./Drivers/STM32U5xx_HAL_Driver/stm32u5xx_hal_flash_ex.o
LOAD ./Drivers/STM32U5xx_HAL_Driver/stm32u5xx_hal_gpio.o
LOAD ./Drivers/STM32U5xx_HAL_Driver/stm32u5xx_hal_gtzc.o
LOAD ./Drivers/STM32U5xx_HAL_Driver/stm32u5xx_hal_i2c.o
LOAD ./Drivers/STM32U5xx_HAL_Driver/stm32u5xx_hal_i2c_ex.o
LOAD ./Drivers/STM32U5xx_HAL_Driver/stm32u5xx_hal_icache.o
LOAD ./Drivers/STM32U5xx_HAL_Driver/stm32u5xx_hal_pwr.o
LOAD ./Drivers/STM32U5xx_HAL_Driver/stm32u5xx_hal_pwr_ex.o
LOAD ./Drivers/STM32U5xx_HAL_Driver/stm32u5xx_hal_ramcfg.o
LOAD ./Drivers/STM32U5xx_HAL_Driver/stm32u5xx_hal_rcc.o
LOAD ./Drivers/STM32U5xx_HAL_Driver/stm32u5xx_hal_rcc_ex.o
LOAD ./Drivers/STM32U5xx_HAL_Driver/stm32u5xx_ll_exti.o
LOAD ./Drivers/STM32U5xx_HAL_Driver/stm32u5xx_ll_utils.o
LOAD ./LPBAM/LpbamAp1/lpbam_lpbamap1_config.o
LOAD ./LPBAM/LpbamAp1/lpbam_lpbamap1_scenario_build.o
LOAD ./Utilities/stm32_adv_lpbam_common.o
LOAD ./Utilities/stm32_ll_lpbam.o
LOAD ./Utilities/stm32_lpbam_common.o
LOAD D:/App/STM32CubeIDE/workspace_2.1.1/B-U585I-IOT02A/Secure/Debug/secure_nsclib.o
START GROUP
LOAD D:/App/ST/STM32CubeIDE_2.1.1/STM32CubeIDE/plugins/com.st.stm32cube.ide.mcu.externaltools.gnu-tools-for-stm32.14.3.rel1.win32_1.0.100.202602081740/tools/bin/../lib/gcc/arm-none-eabi/14.3.1/../../../../arm-none-eabi/lib/thumb/v8-m.main+fp/hard\libc_nano.a
LOAD D:/App/ST/STM32CubeIDE_2.1.1/STM32CubeIDE/plugins/com.st.stm32cube.ide.mcu.externaltools.gnu-tools-for-stm32.14.3.rel1.win32_1.0.100.202602081740/tools/bin/../lib/gcc/arm-none-eabi/14.3.1/../../../../arm-none-eabi/lib/thumb/v8-m.main+fp/hard\libm.a
END GROUP
START GROUP
LOAD D:/App/ST/STM32CubeIDE_2.1.1/STM32CubeIDE/plugins/com.st.stm32cube.ide.mcu.externaltools.gnu-tools-for-stm32.14.3.rel1.win32_1.0.100.202602081740/tools/bin/../lib/gcc/arm-none-eabi/14.3.1/thumb/v8-m.main+fp/hard\libgcc.a
LOAD D:/App/ST/STM32CubeIDE_2.1.1/STM32CubeIDE/plugins/com.st.stm32cube.ide.mcu.externaltools.gnu-tools-for-stm32.14.3.rel1.win32_1.0.100.202602081740/tools/bin/../lib/gcc/arm-none-eabi/14.3.1/../../../../arm-none-eabi/lib/thumb/v8-m.main+fp/hard\libc_nano.a
END GROUP
START GROUP
LOAD D:/App/ST/STM32CubeIDE_2.1.1/STM32CubeIDE/plugins/com.st.stm32cube.ide.mcu.externaltools.gnu-tools-for-stm32.14.3.rel1.win32_1.0.100.202602081740/tools/bin/../lib/gcc/arm-none-eabi/14.3.1/thumb/v8-m.main+fp/hard\libgcc.a
LOAD D:/App/ST/STM32CubeIDE_2.1.1/STM32CubeIDE/plugins/com.st.stm32cube.ide.mcu.externaltools.gnu-tools-for-stm32.14.3.rel1.win32_1.0.100.202602081740/tools/bin/../lib/gcc/arm-none-eabi/14.3.1/../../../../arm-none-eabi/lib/thumb/v8-m.main+fp/hard\libc_nano.a
LOAD D:/App/ST/STM32CubeIDE_2.1.1/STM32CubeIDE/plugins/com.st.stm32cube.ide.mcu.externaltools.gnu-tools-for-stm32.14.3.rel1.win32_1.0.100.202602081740/tools/bin/../lib/gcc/arm-none-eabi/14.3.1/../../../../arm-none-eabi/lib/thumb/v8-m.main+fp/hard\libnosys.a
END GROUP
START GROUP
LOAD D:/App/ST/STM32CubeIDE_2.1.1/STM32CubeIDE/plugins/com.st.stm32cube.ide.mcu.externaltools.gnu-tools-for-stm32.14.3.rel1.win32_1.0.100.202602081740/tools/bin/../lib/gcc/arm-none-eabi/14.3.1/thumb/v8-m.main+fp/hard\libgcc.a
LOAD D:/App/ST/STM32CubeIDE_2.1.1/STM32CubeIDE/plugins/com.st.stm32cube.ide.mcu.externaltools.gnu-tools-for-stm32.14.3.rel1.win32_1.0.100.202602081740/tools/bin/../lib/gcc/arm-none-eabi/14.3.1/../../../../arm-none-eabi/lib/thumb/v8-m.main+fp/hard\libc_nano.a
LOAD D:/App/ST/STM32CubeIDE_2.1.1/STM32CubeIDE/plugins/com.st.stm32cube.ide.mcu.externaltools.gnu-tools-for-stm32.14.3.rel1.win32_1.0.100.202602081740/tools/bin/../lib/gcc/arm-none-eabi/14.3.1/../../../../arm-none-eabi/lib/thumb/v8-m.main+fp/hard\libnosys.a
END GROUP
LOAD D:/App/ST/STM32CubeIDE_2.1.1/STM32CubeIDE/plugins/com.st.stm32cube.ide.mcu.externaltools.gnu-tools-for-stm32.14.3.rel1.win32_1.0.100.202602081740/tools/bin/../lib/gcc/arm-none-eabi/14.3.1/thumb/v8-m.main+fp/hard/crtend.o
LOAD D:/App/ST/STM32CubeIDE_2.1.1/STM32CubeIDE/plugins/com.st.stm32cube.ide.mcu.externaltools.gnu-tools-for-stm32.14.3.rel1.win32_1.0.100.202602081740/tools/bin/../lib/gcc/arm-none-eabi/14.3.1/thumb/v8-m.main+fp/hard/crtn.o
                0x200c0000                        _estack = (ORIGIN (RAM) + LENGTH (RAM))
                0x200bfc00                        _sstack = (_estack - _Min_Stack_Size)
                0x00000200                        _Min_Heap_Size = 0x200
                0x00000400                        _Min_Stack_Size = 0x400

.isr_vector     0x08100000      0x238
 *(.isr_vector)
 .isr_vector    0x08100000      0x238 ./Core/Startup/startup_stm32u585aiixq.o
                0x08100000                g_pfnVectors

.text           0x08100238      0x7f8
 *(.text)
 .text          0x08100238       0x40 D:/App/ST/STM32CubeIDE_2.1.1/STM32CubeIDE/plugins/com.st.stm32cube.ide.mcu.externaltools.gnu-tools-for-stm32.14.3.rel1.win32_1.0.100.202602081740/tools/bin/../lib/gcc/arm-none-eabi/14.3.1/thumb/v8-m.main+fp/hard/crtbegin.o
 *(.text*)
 .text.main     0x08100278       0x10 ./Core/Src/main.o
                0x08100278                main
 .text.MX_GTZC_NS_Init
                0x08100288        0xe ./Core/Src/main.o
 *fill*         0x08100296        0x2 
 .text.HAL_MspInit
                0x08100298       0x34 ./Core/Src/stm32u5xx_hal_msp.o
                0x08100298                HAL_MspInit
 .text.MemManage_Handler
                0x081002cc        0x8 ./Core/Src/stm32u5xx_it.o
                0x081002cc                MemManage_Handler
 .text.UsageFault_Handler
                0x081002d4        0x8 ./Core/Src/stm32u5xx_it.o
                0x081002d4                UsageFault_Handler
 .text.SVC_Handler
                0x081002dc        0xe ./Core/Src/stm32u5xx_it.o
                0x081002dc                SVC_Handler
 .text.PendSV_Handler
                0x081002ea        0xe ./Core/Src/stm32u5xx_it.o
                0x081002ea                PendSV_Handler
 .text.SysTick_Handler
                0x081002f8        0xc ./Core/Src/stm32u5xx_it.o
                0x081002f8                SysTick_Handler
 .text.SystemInit
                0x08100304        0xe ./Core/Src/system_stm32u5xx_ns.o
                0x08100304                SystemInit
 *fill*         0x08100312        0x2 
 .text.Reset_Handler
                0x08100314       0x50 ./Core/Startup/startup_stm32u585aiixq.o
                0x08100314                Reset_Handler
 .text.Default_Handler
                0x08100364        0x2 ./Core/Startup/startup_stm32u585aiixq.o
                0x08100364                EXTI2_IRQHandler
                0x08100364                TIM8_TRG_COM_IRQHandler
                0x08100364                TIM8_CC_IRQHandler
                0x08100364                EXTI5_IRQHandler
                0x08100364                DebugMon_Handler
                0x08100364                FLASH_S_IRQHandler
                0x08100364                EXTI13_IRQHandler
                0x08100364                TIM1_CC_IRQHandler
                0x08100364                TSC_IRQHandler
                0x08100364                HardFault_Handler
                0x08100364                TAMP_IRQHandler
                0x08100364                TIM6_IRQHandler
                0x08100364                EXTI12_IRQHandler
                0x08100364                CORDIC_IRQHandler
                0x08100364                NMI_Handler
                0x08100364                EXTI3_IRQHandler
                0x08100364                LPTIM4_IRQHandler
                0x08100364                GPDMA1_Channel5_IRQHandler
                0x08100364                EXTI8_IRQHandler
                0x08100364                LPTIM2_IRQHandler
                0x08100364                I2C3_ER_IRQHandler
                0x08100364                PWR_S3WU_IRQHandler
                0x08100364                MDF1_FLT2_IRQHandler
                0x08100364                LPDMA1_Channel3_IRQHandler
                0x08100364                LPTIM3_IRQHandler
                0x08100364                EXTI0_IRQHandler
                0x08100364                I2C2_EV_IRQHandler
                0x08100364                FPU_IRQHandler
                0x08100364                GPDMA1_Channel3_IRQHandler
                0x08100364                GPDMA1_Channel7_IRQHandler
                0x08100364                MDF1_FLT4_IRQHandler
                0x08100364                FDCAN1_IT1_IRQHandler
                0x08100364                RAMCFG_IRQHandler
                0x08100364                GPDMA1_Channel9_IRQHandler
                0x08100364                DCACHE1_IRQHandler
                0x08100364                SPI1_IRQHandler
                0x08100364                OCTOSPI1_IRQHandler
                0x08100364                GPDMA1_Channel2_IRQHandler
                0x08100364                TIM8_UP_IRQHandler
                0x08100364                RCC_S_IRQHandler
                0x08100364                OCTOSPI2_IRQHandler
                0x08100364                SAI2_IRQHandler
                0x08100364                MDF1_FLT1_IRQHandler
                0x08100364                ADC1_IRQHandler
                0x08100364                PKA_IRQHandler
                0x08100364                MDF1_FLT5_IRQHandler
                0x08100364                EXTI15_IRQHandler
                0x08100364                TIM17_IRQHandler
                0x08100364                USART3_IRQHandler
                0x08100364                RTC_IRQHandler
                0x08100364                EXTI9_IRQHandler
                0x08100364                UART5_IRQHandler
                0x08100364                TIM4_IRQHandler
                0x08100364                I2C1_EV_IRQHandler
                0x08100364                GPDMA1_Channel12_IRQHandler
                0x08100364                GPDMA1_Channel1_IRQHandler
                0x08100364                TIM16_IRQHandler
                0x08100364                GPDMA1_Channel15_IRQHandler
                0x08100364                UART4_IRQHandler
                0x08100364                SecureFault_Handler
                0x08100364                TIM3_IRQHandler
                0x08100364                RCC_IRQHandler
                0x08100364                TIM1_TRG_COM_IRQHandler
                0x08100364                Default_Handler
                0x08100364                GPDMA1_Channel8_IRQHandler
                0x08100364                FMAC_IRQHandler
                0x08100364                OTFDEC1_IRQHandler
                0x08100364                GPDMA1_Channel11_IRQHandler
                0x08100364                TIM7_IRQHandler
                0x08100364                SDMMC1_IRQHandler
                0x08100364                SAES_IRQHandler
                0x08100364                TIM5_IRQHandler
                0x08100364                UCPD1_IRQHandler
                0x08100364                GPDMA1_Channel0_IRQHandler
                0x08100364                TIM15_IRQHandler
                0x08100364                I2C3_EV_IRQHandler
                0x08100364                LPDMA1_Channel0_IRQHandler
                0x08100364                PVD_PVM_IRQHandler
                0x08100364                SPI2_IRQHandler
                0x08100364                LPDMA1_Channel1_IRQHandler
                0x08100364                EXTI14_IRQHandler
                0x08100364                EXTI11_IRQHandler
                0x08100364                OTFDEC2_IRQHandler
                0x08100364                CRS_IRQHandler
                0x08100364                GPDMA1_Channel14_IRQHandler
                0x08100364                LSECSSD_IRQHandler
                0x08100364                EXTI4_IRQHandler
                0x08100364                RTC_S_IRQHandler
                0x08100364                GPDMA1_Channel13_IRQHandler
                0x08100364                RNG_IRQHandler
                0x08100364                COMP_IRQHandler
                0x08100364                TIM1_UP_IRQHandler
                0x08100364                ADC4_IRQHandler
                0x08100364                WWDG_IRQHandler
                0x08100364                I2C4_EV_IRQHandler
                0x08100364                ADF1_IRQHandler
                0x08100364                IWDG_IRQHandler
                0x08100364                LPUART1_IRQHandler
                0x08100364                MDF1_FLT0_IRQHandler
                0x08100364                FDCAN1_IT0_IRQHandler
                0x08100364                TIM2_IRQHandler
                0x08100364                GPDMA1_Channel4_IRQHandler
                0x08100364                EXTI7_IRQHandler
                0x08100364                DMA2D_IRQHandler
                0x08100364                TIM1_BRK_IRQHandler
                0x08100364                EXTI1_IRQHandler
                0x08100364                SDMMC2_IRQHandler
                0x08100364                AES_IRQHandler
                0x08100364                DAC1_IRQHandler
                0x08100364                GTZC_IRQHandler
                0x08100364                MDF1_FLT3_IRQHandler
                0x08100364                USART2_IRQHandler
                0x08100364                GPDMA1_Channel6_IRQHandler
                0x08100364                I2C2_ER_IRQHandler
                0x08100364                TIM8_BRK_IRQHandler
                0x08100364                FLASH_IRQHandler
                0x08100364                BusFault_Handler
                0x08100364                USART1_IRQHandler
                0x08100364                EXTI10_IRQHandler
                0x08100364                OTG_FS_IRQHandler
                0x08100364                SPI3_IRQHandler
                0x08100364                LPDMA1_Channel2_IRQHandler
                0x08100364                I2C1_ER_IRQHandler
                0x08100364                FMC_IRQHandler
                0x08100364                EXTI6_IRQHandler
                0x08100364                LPTIM1_IRQHandler
                0x08100364                DCMI_PSSI_IRQHandler
                0x08100364                I2C4_ER_IRQHandler
                0x08100364                GPDMA1_Channel10_IRQHandler
                0x08100364                ICACHE_IRQHandler
                0x08100364                SAI1_IRQHandler
                0x08100364                HASH_IRQHandler
 *fill*         0x08100366        0x2 
 .text.HAL_Init
                0x08100368       0x60 ./Drivers/STM32U5xx_HAL_Driver/stm32u5xx_hal.o
                0x08100368                HAL_Init
 .text.HAL_InitTick
                0x081003c8       0xec ./Drivers/STM32U5xx_HAL_Driver/stm32u5xx_hal.o
                0x081003c8                HAL_InitTick
 .text.HAL_IncTick
                0x081004b4       0x28 ./Drivers/STM32U5xx_HAL_Driver/stm32u5xx_hal.o
                0x081004b4                HAL_IncTick
 .text.__NVIC_SetPriorityGrouping
                0x081004dc       0x48 ./Drivers/STM32U5xx_HAL_Driver/stm32u5xx_hal_cortex.o
 .text.__NVIC_GetPriorityGrouping
                0x08100524       0x1c ./Drivers/STM32U5xx_HAL_Driver/stm32u5xx_hal_cortex.o
 .text.__NVIC_SetPriority
                0x08100540       0x54 ./Drivers/STM32U5xx_HAL_Driver/stm32u5xx_hal_cortex.o
 .text.NVIC_EncodePriority
                0x08100594       0x66 ./Drivers/STM32U5xx_HAL_Driver/stm32u5xx_hal_cortex.o
 .text.HAL_NVIC_SetPriorityGrouping
                0x081005fa       0x16 ./Drivers/STM32U5xx_HAL_Driver/stm32u5xx_hal_cortex.o
                0x081005fa                HAL_NVIC_SetPriorityGrouping
 .text.HAL_NVIC_SetPriority
                0x08100610       0x34 ./Drivers/STM32U5xx_HAL_Driver/stm32u5xx_hal_cortex.o
                0x08100610                HAL_NVIC_SetPriority
 .text.HAL_SYSTICK_Config
                0x08100644       0x44 ./Drivers/STM32U5xx_HAL_Driver/stm32u5xx_hal_cortex.o
                0x08100644                HAL_SYSTICK_Config
 .text.HAL_SYSTICK_CLKSourceConfig
                0x08100688       0xb0 ./Drivers/STM32U5xx_HAL_Driver/stm32u5xx_hal_cortex.o
                0x08100688                HAL_SYSTICK_CLKSourceConfig
 .text.HAL_SYSTICK_GetCLKSourceConfig
                0x08100738       0x74 ./Drivers/STM32U5xx_HAL_Driver/stm32u5xx_hal_cortex.o
                0x08100738                HAL_SYSTICK_GetCLKSourceConfig
 .text.HAL_PWREx_EnableVddIO2
                0x081007ac       0x20 ./Drivers/STM32U5xx_HAL_Driver/stm32u5xx_hal_pwr_ex.o
                0x081007ac                HAL_PWREx_EnableVddIO2
 .text.HAL_RCC_GetSysClockFreq
                0x081007cc      0x204 ./Drivers/STM32U5xx_HAL_Driver/stm32u5xx_hal_rcc.o
                0x081007cc                HAL_RCC_GetSysClockFreq
 .text.__libc_init_array
                0x081009d0       0x48 D:/App/ST/STM32CubeIDE_2.1.1/STM32CubeIDE/plugins/com.st.stm32cube.ide.mcu.externaltools.gnu-tools-for-stm32.14.3.rel1.win32_1.0.100.202602081740/tools/bin/../lib/gcc/arm-none-eabi/14.3.1/../../../../arm-none-eabi/lib/thumb/v8-m.main+fp/hard\libc_nano.a(libc_a-init.o)
                0x081009d0                __libc_init_array
 *(.glue_7)
 .glue_7        0x08100a18        0x0 linker stubs
 *(.glue_7t)
 .glue_7t       0x08100a18        0x0 linker stubs
 *(.eh_frame)
 .eh_frame      0x08100a18        0x0 D:/App/ST/STM32CubeIDE_2.1.1/STM32CubeIDE/plugins/com.st.stm32cube.ide.mcu.externaltools.gnu-tools-for-stm32.14.3.rel1.win32_1.0.100.202602081740/tools/bin/../lib/gcc/arm-none-eabi/14.3.1/thumb/v8-m.main+fp/hard/crtbegin.o
 *(.init)
 .init          0x08100a18        0x4 D:/App/ST/STM32CubeIDE_2.1.1/STM32CubeIDE/plugins/com.st.stm32cube.ide.mcu.externaltools.gnu-tools-for-stm32.14.3.rel1.win32_1.0.100.202602081740/tools/bin/../lib/gcc/arm-none-eabi/14.3.1/thumb/v8-m.main+fp/hard/crti.o
                0x08100a18                _init
 .init          0x08100a1c        0x8 D:/App/ST/STM32CubeIDE_2.1.1/STM32CubeIDE/plugins/com.st.stm32cube.ide.mcu.externaltools.gnu-tools-for-stm32.14.3.rel1.win32_1.0.100.202602081740/tools/bin/../lib/gcc/arm-none-eabi/14.3.1/thumb/v8-m.main+fp/hard/crtn.o
 *(.fini)
 .fini          0x08100a24        0x4 D:/App/ST/STM32CubeIDE_2.1.1/STM32CubeIDE/plugins/com.st.stm32cube.ide.mcu.externaltools.gnu-tools-for-stm32.14.3.rel1.win32_1.0.100.202602081740/tools/bin/../lib/gcc/arm-none-eabi/14.3.1/thumb/v8-m.main+fp/hard/crti.o
                0x08100a24                _fini
 .fini          0x08100a28        0x8 D:/App/ST/STM32CubeIDE_2.1.1/STM32CubeIDE/plugins/com.st.stm32cube.ide.mcu.externaltools.gnu-tools-for-stm32.14.3.rel1.win32_1.0.100.202602081740/tools/bin/../lib/gcc/arm-none-eabi/14.3.1/thumb/v8-m.main+fp/hard/crtn.o
                0x08100a30                        _etext = .

.vfp11_veneer   0x08100a30        0x0
 .vfp11_veneer  0x08100a30        0x0 linker stubs

.v4_bx          0x08100a30        0x0
 .v4_bx         0x08100a30        0x0 linker stubs

.iplt           0x08100a30        0x0
 .iplt          0x08100a30        0x0 D:/App/ST/STM32CubeIDE_2.1.1/STM32CubeIDE/plugins/com.st.stm32cube.ide.mcu.externaltools.gnu-tools-for-stm32.14.3.rel1.win32_1.0.100.202602081740/tools/bin/../lib/gcc/arm-none-eabi/14.3.1/thumb/v8-m.main+fp/hard/crtbegin.o

.rodata         0x08100a30       0x50
 *(.rodata)
 *(.rodata*)
 .rodata.AHBPrescTable
                0x08100a30       0x10 ./Core/Src/system_stm32u5xx_ns.o
                0x08100a30                AHBPrescTable
 .rodata.MSIRangeTable
                0x08100a40       0x40 ./Core/Src/system_stm32u5xx_ns.o
                0x08100a40                MSIRangeTable

.ARM.extab
 *(.ARM.extab* .gnu.linkonce.armextab.*)

.ARM            0x08100a80        0x0
                0x08100a80                        __exidx_start = .
 *(.ARM.exidx*)
                0x08100a80                        __exidx_end = .

.preinit_array  0x08100a80        0x0
                0x08100a80                        PROVIDE (__preinit_array_start = .)
 *(.preinit_array*)
                0x08100a80                        PROVIDE (__preinit_array_end = .)

.init_array     0x08100a80        0x4
                0x08100a80                        PROVIDE (__init_array_start = .)
 *(SORT_BY_NAME(.init_array.*))
 *(.init_array*)
 .init_array    0x08100a80        0x4 D:/App/ST/STM32CubeIDE_2.1.1/STM32CubeIDE/plugins/com.st.stm32cube.ide.mcu.externaltools.gnu-tools-for-stm32.14.3.rel1.win32_1.0.100.202602081740/tools/bin/../lib/gcc/arm-none-eabi/14.3.1/thumb/v8-m.main+fp/hard/crtbegin.o
                0x08100a84                        PROVIDE (__init_array_end = .)

.fini_array     0x08100a84        0x4
                [!provide]                        PROVIDE (__fini_array_start = .)
 *(SORT_BY_NAME(.fini_array.*))
 *(.fini_array*)
 .fini_array    0x08100a84        0x4 D:/App/ST/STM32CubeIDE_2.1.1/STM32CubeIDE/plugins/com.st.stm32cube.ide.mcu.externaltools.gnu-tools-for-stm32.14.3.rel1.win32_1.0.100.202602081740/tools/bin/../lib/gcc/arm-none-eabi/14.3.1/thumb/v8-m.main+fp/hard/crtbegin.o
                [!provide]                        PROVIDE (__fini_array_end = .)
                0x08100a88                        _sidata = LOADADDR (.data)

.rel.dyn        0x08100a88        0x0
 .rel.iplt      0x08100a88        0x0 D:/App/ST/STM32CubeIDE_2.1.1/STM32CubeIDE/plugins/com.st.stm32cube.ide.mcu.externaltools.gnu-tools-for-stm32.14.3.rel1.win32_1.0.100.202602081740/tools/bin/../lib/gcc/arm-none-eabi/14.3.1/thumb/v8-m.main+fp/hard/crtbegin.o

.data           0x20040000        0x9 load address 0x08100a88
                0x20040000                        _sdata = .
 *(.data)
 *(.data*)
 .data.SystemCoreClock
                0x20040000        0x4 ./Core/Src/system_stm32u5xx_ns.o
                0x20040000                SystemCoreClock
 .data.uwTickPrio
                0x20040004        0x4 ./Drivers/STM32U5xx_HAL_Driver/stm32u5xx_hal.o
                0x20040004                uwTickPrio
 .data.uwTickFreq
                0x20040008        0x1 ./Drivers/STM32U5xx_HAL_Driver/stm32u5xx_hal.o
                0x20040008                uwTickFreq
 *(.RamFunc)
 *(.RamFunc*)
                0x20040009                        _edata = .

.igot.plt       0x2004000c        0x0 load address 0x08100a91
 .igot.plt      0x2004000c        0x0 D:/App/ST/STM32CubeIDE_2.1.1/STM32CubeIDE/plugins/com.st.stm32cube.ide.mcu.externaltools.gnu-tools-for-stm32.14.3.rel1.win32_1.0.100.202602081740/tools/bin/../lib/gcc/arm-none-eabi/14.3.1/thumb/v8-m.main+fp/hard/crtbegin.o

.bss            0x2004000c       0x20 load address 0x08100a91
                0x2004000c                        _sbss = .
                0x2004000c                        __bss_start__ = _sbss
 *(.bss)
 .bss           0x2004000c       0x1c D:/App/ST/STM32CubeIDE_2.1.1/STM32CubeIDE/plugins/com.st.stm32cube.ide.mcu.externaltools.gnu-tools-for-stm32.14.3.rel1.win32_1.0.100.202602081740/tools/bin/../lib/gcc/arm-none-eabi/14.3.1/thumb/v8-m.main+fp/hard/crtbegin.o
 *(.bss*)
 .bss.uwTick    0x20040028        0x4 ./Drivers/STM32U5xx_HAL_Driver/stm32u5xx_hal.o
                0x20040028                uwTick
 *(COMMON)
                0x2004002c                        _ebss = .
                0x2004002c                        __bss_end__ = _ebss

._user_heap_stack
                0x2004002c      0x604 load address 0x08100a91
                0x20040030                        . = ALIGN (0x8)
 *fill*         0x2004002c        0x4 
                [!provide]                        PROVIDE (end = .)
                0x20040030                        PROVIDE (_end = .)
                0x20040230                        . = (. + _Min_Heap_Size)
 *fill*         0x20040030      0x200 
                0x20040630                        . = (. + _Min_Stack_Size)
 *fill*         0x20040230      0x400 
                0x20040630                        . = ALIGN (0x8)

/DISCARD/
 libc.a(*)
 libm.a(*)
 libgcc.a(*)

.ARM.attributes
                0x00000000       0x36
 *(.ARM.attributes)
 .ARM.attributes
                0x00000000       0x26 D:/App/ST/STM32CubeIDE_2.1.1/STM32CubeIDE/plugins/com.st.stm32cube.ide.mcu.externaltools.gnu-tools-for-stm32.14.3.rel1.win32_1.0.100.202602081740/tools/bin/../lib/gcc/arm-none-eabi/14.3.1/thumb/v8-m.main+fp/hard/crti.o
 .ARM.attributes
                0x00000026       0x38 D:/App/ST/STM32CubeIDE_2.1.1/STM32CubeIDE/plugins/com.st.stm32cube.ide.mcu.externaltools.gnu-tools-for-stm32.14.3.rel1.win32_1.0.100.202602081740/tools/bin/../lib/gcc/arm-none-eabi/14.3.1/thumb/v8-m.main+fp/hard/crtbegin.o
 .ARM.attributes
                0x0000005e       0x3a ./Core/Src/main.o
 .ARM.attributes
                0x00000098       0x3a ./Core/Src/stm32u5xx_hal_msp.o
 .ARM.attributes
                0x000000d2       0x3a ./Core/Src/stm32u5xx_it.o
 .ARM.attributes
                0x0000010c       0x3a ./Core/Src/system_stm32u5xx_ns.o
 .ARM.attributes
                0x00000146       0x24 ./Core/Startup/startup_stm32u585aiixq.o
 .ARM.attributes
                0x0000016a       0x3a ./Drivers/STM32U5xx_HAL_Driver/stm32u5xx_hal.o
 .ARM.attributes
                0x000001a4       0x3a ./Drivers/STM32U5xx_HAL_Driver/stm32u5xx_hal_cortex.o
 .ARM.attributes
                0x000001de       0x3a ./Drivers/STM32U5xx_HAL_Driver/stm32u5xx_hal_pwr_ex.o
 .ARM.attributes
                0x00000218       0x3a ./Drivers/STM32U5xx_HAL_Driver/stm32u5xx_hal_rcc.o
 .ARM.attributes
                0x00000252       0x38 D:/App/ST/STM32CubeIDE_2.1.1/STM32CubeIDE/plugins/com.st.stm32cube.ide.mcu.externaltools.gnu-tools-for-stm32.14.3.rel1.win32_1.0.100.202602081740/tools/bin/../lib/gcc/arm-none-eabi/14.3.1/../../../../arm-none-eabi/lib/thumb/v8-m.main+fp/hard\libc_nano.a(libc_a-init.o)
 .ARM.attributes
                0x0000028a       0x26 D:/App/ST/STM32CubeIDE_2.1.1/STM32CubeIDE/plugins/com.st.stm32cube.ide.mcu.externaltools.gnu-tools-for-stm32.14.3.rel1.win32_1.0.100.202602081740/tools/bin/../lib/gcc/arm-none-eabi/14.3.1/thumb/v8-m.main+fp/hard/crtn.o
OUTPUT(B-U585I-IOT02A_NonSecure.elf elf32-littlearm)
LOAD linker stubs
LOAD D:/App/ST/STM32CubeIDE_2.1.1/STM32CubeIDE/plugins/com.st.stm32cube.ide.mcu.externaltools.gnu-tools-for-stm32.14.3.rel1.win32_1.0.100.202602081740/tools/bin/../lib/gcc/arm-none-eabi/14.3.1/../../../../arm-none-eabi/lib/thumb/v8-m.main+fp/hard\libc.a
LOAD D:/App/ST/STM32CubeIDE_2.1.1/STM32CubeIDE/plugins/com.st.stm32cube.ide.mcu.externaltools.gnu-tools-for-stm32.14.3.rel1.win32_1.0.100.202602081740/tools/bin/../lib/gcc/arm-none-eabi/14.3.1/../../../../arm-none-eabi/lib/thumb/v8-m.main+fp/hard\libm.a
LOAD D:/App/ST/STM32CubeIDE_2.1.1/STM32CubeIDE/plugins/com.st.stm32cube.ide.mcu.externaltools.gnu-tools-for-stm32.14.3.rel1.win32_1.0.100.202602081740/tools/bin/../lib/gcc/arm-none-eabi/14.3.1/thumb/v8-m.main+fp/hard\libgcc.a

.debug_info     0x00000000     0x5078
 .debug_info    0x00000000      0x126 ./Core/Src/main.o
 .debug_info    0x00000126      0x415 ./Core/Src/stm32u5xx_hal_msp.o
 .debug_info    0x0000053b       0xe8 ./Core/Src/stm32u5xx_it.o
 .debug_info    0x00000623      0x196 ./Core/Src/system_stm32u5xx_ns.o
 .debug_info    0x000007b9       0x30 ./Core/Startup/startup_stm32u585aiixq.o
 .debug_info    0x000007e9     0x120a ./Drivers/STM32U5xx_HAL_Driver/stm32u5xx_hal.o
 .debug_info    0x000019f3     0x1657 ./Drivers/STM32U5xx_HAL_Driver/stm32u5xx_hal_cortex.o
 .debug_info    0x0000304a      0xe3e ./Drivers/STM32U5xx_HAL_Driver/stm32u5xx_hal_pwr_ex.o
 .debug_info    0x00003e88     0x11f0 ./Drivers/STM32U5xx_HAL_Driver/stm32u5xx_hal_rcc.o

.debug_abbrev   0x00000000      0xdce
 .debug_abbrev  0x00000000       0xdb ./Core/Src/main.o
 .debug_abbrev  0x000000db       0xf1 ./Core/Src/stm32u5xx_hal_msp.o
 .debug_abbrev  0x000001cc       0x73 ./Core/Src/stm32u5xx_it.o
 .debug_abbrev  0x0000023f       0xbf ./Core/Src/system_stm32u5xx_ns.o
 .debug_abbrev  0x000002fe       0x24 ./Core/Startup/startup_stm32u585aiixq.o
 .debug_abbrev  0x00000322      0x2a5 ./Drivers/STM32U5xx_HAL_Driver/stm32u5xx_hal.o
 .debug_abbrev  0x000005c7      0x327 ./Drivers/STM32U5xx_HAL_Driver/stm32u5xx_hal_cortex.o
 .debug_abbrev  0x000008ee      0x215 ./Drivers/STM32U5xx_HAL_Driver/stm32u5xx_hal_pwr_ex.o
 .debug_abbrev  0x00000b03      0x2cb ./Drivers/STM32U5xx_HAL_Driver/stm32u5xx_hal_rcc.o

.debug_aranges  0x00000000      0x610
 .debug_aranges
                0x00000000       0x30 ./Core/Src/main.o
 .debug_aranges
                0x00000030       0x20 ./Core/Src/stm32u5xx_hal_msp.o
 .debug_aranges
                0x00000050       0x40 ./Core/Src/stm32u5xx_it.o
 .debug_aranges
                0x00000090       0x28 ./Core/Src/system_stm32u5xx_ns.o
 .debug_aranges
                0x000000b8       0x28 ./Core/Startup/startup_stm32u585aiixq.o
 .debug_aranges
                0x000000e0      0x148 ./Drivers/STM32U5xx_HAL_Driver/stm32u5xx_hal.o
 .debug_aranges
                0x00000228      0x140 ./Drivers/STM32U5xx_HAL_Driver/stm32u5xx_hal_cortex.o
 .debug_aranges
                0x00000368      0x200 ./Drivers/STM32U5xx_HAL_Driver/stm32u5xx_hal_pwr_ex.o
 .debug_aranges
                0x00000568       0xa8 ./Drivers/STM32U5xx_HAL_Driver/stm32u5xx_hal_rcc.o

.debug_rnglists
                0x00000000      0x473
 .debug_rnglists
                0x00000000       0x1f ./Core/Src/main.o
 .debug_rnglists
                0x0000001f       0x13 ./Core/Src/stm32u5xx_hal_msp.o
 .debug_rnglists
                0x00000032       0x2b ./Core/Src/stm32u5xx_it.o
 .debug_rnglists
                0x0000005d       0x19 ./Core/Src/system_stm32u5xx_ns.o
 .debug_rnglists
                0x00000076       0x19 ./Core/Startup/startup_stm32u585aiixq.o
 .debug_rnglists
                0x0000008f       0xf3 ./Drivers/STM32U5xx_HAL_Driver/stm32u5xx_hal.o
 .debug_rnglists
                0x00000182       0xec ./Drivers/STM32U5xx_HAL_Driver/stm32u5xx_hal_cortex.o
 .debug_rnglists
                0x0000026e      0x186 ./Drivers/STM32U5xx_HAL_Driver/stm32u5xx_hal_pwr_ex.o
 .debug_rnglists
                0x000003f4       0x7f ./Drivers/STM32U5xx_HAL_Driver/stm32u5xx_hal_rcc.o

.debug_macro    0x00000000    0x30e81
 .debug_macro   0x00000000      0x272 ./Core/Src/main.o
 .debug_macro   0x00000272      0xade ./Core/Src/main.o
 .debug_macro   0x00000d50      0x1fb ./Core/Src/main.o
 .debug_macro   0x00000f4b       0x2e ./Core/Src/main.o
 .debug_macro   0x00000f79       0x42 ./Core/Src/main.o
 .debug_macro   0x00000fbb       0x22 ./Core/Src/main.o
 .debug_macro   0x00000fdd       0x8e ./Core/Src/main.o
 .debug_macro   0x0000106b       0x51 ./Core/Src/main.o
 .debug_macro   0x000010bc      0x103 ./Core/Src/main.o
 .debug_macro   0x000011bf       0x6a ./Core/Src/main.o
 .debug_macro   0x00001229      0x1df ./Core/Src/main.o
 .debug_macro   0x00001408       0x1c ./Core/Src/main.o
 .debug_macro   0x00001424       0x29 ./Core/Src/main.o
 .debug_macro   0x0000144d       0xfb ./Core/Src/main.o
 .debug_macro   0x00001548     0x1685 ./Core/Src/main.o
 .debug_macro   0x00002bcd       0x5e ./Core/Src/main.o
 .debug_macro   0x00002c2b    0x23d05 ./Core/Src/main.o
 .debug_macro   0x00026930       0x6d ./Core/Src/main.o
 .debug_macro   0x0002699d     0x393e ./Core/Src/main.o
 .debug_macro   0x0002a2db      0x190 ./Core/Src/main.o
 .debug_macro   0x0002a46b       0x61 ./Core/Src/main.o
 .debug_macro   0x0002a4cc       0x2a ./Core/Src/main.o
 .debug_macro   0x0002a4f6       0x43 ./Core/Src/main.o
 .debug_macro   0x0002a539       0x34 ./Core/Src/main.o
 .debug_macro   0x0002a56d      0x364 ./Core/Src/main.o
 .debug_macro   0x0002a8d1       0x16 ./Core/Src/main.o
 .debug_macro   0x0002a8e7       0x4a ./Core/Src/main.o
 .debug_macro   0x0002a931       0x34 ./Core/Src/main.o
 .debug_macro   0x0002a965       0x10 ./Core/Src/main.o
 .debug_macro   0x0002a975       0x58 ./Core/Src/main.o
 .debug_macro   0x0002a9cd       0x8e ./Core/Src/main.o
 .debug_macro   0x0002aa5b       0x1c ./Core/Src/main.o
 .debug_macro   0x0002aa77      0x17e ./Core/Src/main.o
 .debug_macro   0x0002abf5      0x19b ./Core/Src/main.o
 .debug_macro   0x0002ad90       0x5d ./Core/Src/main.o
 .debug_macro   0x0002aded     0x1bfd ./Core/Src/main.o
 .debug_macro   0x0002c9ea      0x7ff ./Core/Src/main.o
 .debug_macro   0x0002d1e9      0x166 ./Core/Src/main.o
 .debug_macro   0x0002d34f      0x2aa ./Core/Src/main.o
 .debug_macro   0x0002d5f9      0x420 ./Core/Src/main.o
 .debug_macro   0x0002da19      0x5a5 ./Core/Src/main.o
 .debug_macro   0x0002dfbe      0x439 ./Core/Src/main.o
 .debug_macro   0x0002e3f7       0xd6 ./Core/Src/main.o
 .debug_macro   0x0002e4cd      0x1cd ./Core/Src/main.o
 .debug_macro   0x0002e69a      0x432 ./Core/Src/main.o
 .debug_macro   0x0002eacc       0x95 ./Core/Src/main.o
 .debug_macro   0x0002eb61      0x11c ./Core/Src/main.o
 .debug_macro   0x0002ec7d      0x525 ./Core/Src/main.o
 .debug_macro   0x0002f1a2      0x4bf ./Core/Src/main.o
 .debug_macro   0x0002f661      0x1c0 ./Core/Src/main.o
 .debug_macro   0x0002f821       0xe3 ./Core/Src/main.o
 .debug_macro   0x0002f904      0x361 ./Core/Src/main.o
 .debug_macro   0x0002fc65       0x1c ./Core/Src/main.o
 .debug_macro   0x0002fc81      0x272 ./Core/Src/stm32u5xx_hal_msp.o
 .debug_macro   0x0002fef3      0x27c ./Core/Src/stm32u5xx_it.o
 .debug_macro   0x0003016f      0x259 ./Core/Src/system_stm32u5xx_ns.o
 .debug_macro   0x000303c8      0x27d ./Drivers/STM32U5xx_HAL_Driver/stm32u5xx_hal.o
 .debug_macro   0x00030645      0x259 ./Drivers/STM32U5xx_HAL_Driver/stm32u5xx_hal_cortex.o
 .debug_macro   0x0003089e      0x284 ./Drivers/STM32U5xx_HAL_Driver/stm32u5xx_hal_pwr_ex.o
 .debug_macro   0x00030b22      0x35f ./Drivers/STM32U5xx_HAL_Driver/stm32u5xx_hal_rcc.o

.debug_line     0x00000000     0x68c9
 .debug_line    0x00000000      0x8c2 ./Core/Src/main.o
 .debug_line    0x000008c2      0x891 ./Core/Src/stm32u5xx_hal_msp.o
 .debug_line    0x00001153      0x8ee ./Core/Src/stm32u5xx_it.o
 .debug_line    0x00001a41      0x87f ./Core/Src/system_stm32u5xx_ns.o
 .debug_line    0x000022c0       0x79 ./Core/Startup/startup_stm32u585aiixq.o
 .debug_line    0x00002339      0xd46 ./Drivers/STM32U5xx_HAL_Driver/stm32u5xx_hal.o
 .debug_line    0x0000307f      0xef0 ./Drivers/STM32U5xx_HAL_Driver/stm32u5xx_hal_cortex.o
 .debug_line    0x00003f6f     0x122d ./Drivers/STM32U5xx_HAL_Driver/stm32u5xx_hal_pwr_ex.o
 .debug_line    0x0000519c     0x172d ./Drivers/STM32U5xx_HAL_Driver/stm32u5xx_hal_rcc.o

.debug_str      0x00000000   0x134eb5
 .debug_str     0x00000000   0x134eb5 ./Core/Src/main.o
                             0x132382 (size before relaxing)
 .debug_str     0x00134eb5   0x132590 ./Core/Src/stm32u5xx_hal_msp.o
 .debug_str     0x00134eb5   0x132386 ./Core/Src/stm32u5xx_it.o
 .debug_str     0x00134eb5   0x13232b ./Core/Src/system_stm32u5xx_ns.o
 .debug_str     0x00134eb5       0x88 ./Core/Startup/startup_stm32u585aiixq.o
 .debug_str     0x00134eb5   0x133570 ./Drivers/STM32U5xx_HAL_Driver/stm32u5xx_hal.o
 .debug_str     0x00134eb5   0x13333f ./Drivers/STM32U5xx_HAL_Driver/stm32u5xx_hal_cortex.o
 .debug_str     0x00134eb5   0x132e04 ./Drivers/STM32U5xx_HAL_Driver/stm32u5xx_hal_pwr_ex.o
 .debug_str     0x00134eb5   0x133db9 ./Drivers/STM32U5xx_HAL_Driver/stm32u5xx_hal_rcc.o

.comment        0x00000000       0x43
 .comment       0x00000000       0x43 ./Core/Src/main.o
                                 0x44 (size before relaxing)
 .comment       0x00000043       0x44 ./Core/Src/stm32u5xx_hal_msp.o
 .comment       0x00000043       0x44 ./Core/Src/stm32u5xx_it.o
 .comment       0x00000043       0x44 ./Core/Src/system_stm32u5xx_ns.o
 .comment       0x00000043       0x44 ./Drivers/STM32U5xx_HAL_Driver/stm32u5xx_hal.o
 .comment       0x00000043       0x44 ./Drivers/STM32U5xx_HAL_Driver/stm32u5xx_hal_cortex.o
 .comment       0x00000043       0x44 ./Drivers/STM32U5xx_HAL_Driver/stm32u5xx_hal_pwr_ex.o
 .comment       0x00000043       0x44 ./Drivers/STM32U5xx_HAL_Driver/stm32u5xx_hal_rcc.o

.debug_frame    0x00000000     0x14f0
 .debug_frame   0x00000000       0x60 ./Core/Src/main.o
 .debug_frame   0x00000060       0x34 ./Core/Src/stm32u5xx_hal_msp.o
 .debug_frame   0x00000094       0x94 ./Core/Src/stm32u5xx_it.o
 .debug_frame   0x00000128       0x48 ./Core/Src/system_stm32u5xx_ns.o
 .debug_frame   0x00000170      0x480 ./Drivers/STM32U5xx_HAL_Driver/stm32u5xx_hal.o
 .debug_frame   0x000005f0      0x508 ./Drivers/STM32U5xx_HAL_Driver/stm32u5xx_hal_cortex.o
 .debug_frame   0x00000af8      0x764 ./Drivers/STM32U5xx_HAL_Driver/stm32u5xx_hal_pwr_ex.o
 .debug_frame   0x0000125c      0x268 ./Drivers/STM32U5xx_HAL_Driver/stm32u5xx_hal_rcc.o
 .debug_frame   0x000014c4       0x2c D:/App/ST/STM32CubeIDE_2.1.1/STM32CubeIDE/plugins/com.st.stm32cube.ide.mcu.externaltools.gnu-tools-for-stm32.14.3.rel1.win32_1.0.100.202602081740/tools/bin/../lib/gcc/arm-none-eabi/14.3.1/../../../../arm-none-eabi/lib/thumb/v8-m.main+fp/hard\libc_nano.a(libc_a-init.o)

.debug_line_str
                0x00000000       0x6c
 .debug_line_str
                0x00000000       0x6c ./Core/Startup/startup_stm32u585aiixq.o
