../../Drivers/STM32U5xx_HAL_Driver/Inc/stm32u5xx_ll_bus.h:845:22:LL_AHB2_GRP1_EnableClock	24	static
../../Drivers/STM32U5xx_HAL_Driver/Inc/stm32u5xx_ll_bus.h:1895:22:LL_APB1_GRP2_EnableClock	24	static
../Core/Src/main.c:99:5:main	8	static
../Core/Src/main.c:169:13:NonSecure_Init	24	static,ignoring_inline_asm
../Core/Src/main.c:189:6:SystemClock_Config	128	static
../Core/Src/main.c:247:13:SystemPower_Config	8	static
../Core/Src/main.c:267:13:MX_ADF1_Init	8	static
../Core/Src/main.c:321:13:MX_GTZC_S_Init	280	static
../Core/Src/main.c:475:13:MX_I2C1_Init	8	static
../Core/Src/main.c:523:13:MX_I2C2_Init	8	static
../Core/Src/main.c:571:13:MX_ICACHE_Init	8	static
../Core/Src/main.c:603:13:MX_OCTOSPI1_Init	40	static
../Core/Src/main.c:663:13:MX_OCTOSPI2_Init	40	static
../Core/Src/main.c:723:13:MX_SPI2_Init	24	static
../Core/Src/main.c:780:13:MX_UART4_Init	8	static
../Core/Src/main.c:828:13:MX_USART1_UART_Init	8	static
../Core/Src/main.c:876:13:MX_UCPD1_Init	32	static
../Core/Src/main.c:918:13:MX_USB_OTG_FS_PCD_Init	8	static
../Core/Src/main.c:954:13:MX_GPIO_Init	64	static
../Core/Src/main.c:1000:6:Error_Handler	4	static,ignoring_inline_asm
