../../Drivers/STM32U5xx_HAL_Driver/Inc/stm32u5xx_ll_bus.h:845:22:LL_AHB2_GRP1_EnableClock	1
../../Drivers/STM32U5xx_HAL_Driver/Inc/stm32u5xx_ll_bus.h:1895:22:LL_APB1_GRP2_EnableClock	1
../Core/Src/main.c:99:5:main	1
../Core/Src/main.c:169:13:NonSecure_Init	1
../Core/Src/main.c:189:6:SystemClock_Config	4
../Core/Src/main.c:247:13:SystemPower_Config	2
../Core/Src/main.c:267:13:MX_ADF1_Init	2
../Core/Src/main.c:321:13:MX_GTZC_S_Init	17
../Core/Src/main.c:475:13:MX_I2C1_Init	4
../Core/Src/main.c:523:13:MX_I2C2_Init	4
../Core/Src/main.c:571:13:MX_ICACHE_Init	3
../Core/Src/main.c:603:13:MX_OCTOSPI1_Init	4
../Core/Src/main.c:663:13:MX_OCTOSPI2_Init	4
../Core/Src/main.c:723:13:MX_SPI2_Init	3
../Core/Src/main.c:780:13:MX_UART4_Init	5
../Core/Src/main.c:828:13:MX_USART1_UART_Init	5
../Core/Src/main.c:876:13:MX_UCPD1_Init	1
../Core/Src/main.c:918:13:MX_USB_OTG_FS_PCD_Init	2
../Core/Src/main.c:954:13:MX_GPIO_Init	1
../Core/Src/main.c:1000:6:Error_Handler	1
