../Core/Src/telemetry.cpp:70:6:void telemetry::{anonymous}::wifiPinsInit()	48	static
../Core/Src/telemetry.cpp:122:20:constexpr uint16_t telemetry::{anonymous}::mxHtons(uint16_t)	16	static
../Core/Src/telemetry.cpp:129:6:void telemetry::{anonymous}::wifiStatusCb(uint8_t, uint8_t, void*)	16	static
../Core/Src/telemetry.cpp:140:6:bool telemetry::{anonymous}::wifiModuleInit()	64	static
../Core/Src/telemetry.cpp:230:6:void telemetry::{anonymous}::tcpServerInit()	40	static
../Core/Src/telemetry.cpp:268:6:void telemetry::{anonymous}::tcpCloseClient()	8	static
../Core/Src/telemetry.cpp:279:6:void telemetry::{anonymous}::reselectAudioPll3()	208	static
../Core/Src/telemetry.cpp:295:6:void telemetry::Service::initAudio()	40	static
../Core/Src/telemetry.cpp:336:6:void telemetry::Service::initSensors()	40	static
../Core/Src/telemetry.cpp:393:13:void telemetry::bleRawProbe(const char*)	128	static
../Core/Src/telemetry.cpp:412:6:void telemetry::Service::initRadio()	24	static
../Core/Src/telemetry.cpp:449:6:void telemetry::Service::init()	16	static
../Core/Src/telemetry.cpp:461:6:void telemetry::Service::collect(telemetry::FullStatus&)	160	static
../Core/Src/telemetry.cpp:565:6:void telemetry::Service::sendUart(const telemetry::FullStatus&)	176	static
../Core/Src/telemetry.cpp:577:6:void telemetry::Service::sendBle(const telemetry::FullStatus&)	112	static
../Core/Src/telemetry.cpp:607:6:void telemetry::Service::sendTcp(const telemetry::FullStatus&)	184	static
../Core/Src/telemetry.cpp:629:6:void telemetry::Service::pollTcp()	216	static
../Core/Src/telemetry.cpp:710:6:void telemetry::Service::setAudioStream(bool)	16	static
../Core/Src/telemetry.cpp:717:6:void telemetry::Service::poll()	48	static
../Core/Src/telemetry.cpp:770:17:void BSP_AUDIO_IN_HalfTransfer_CallBack(uint32_t)	16	static
../Core/Src/telemetry.cpp:776:17:void BSP_AUDIO_IN_TransferComplete_CallBack(uint32_t)	16	static
../Core/Src/telemetry.cpp:782:17:void BSP_AUDIO_IN_Error_CallBack(uint32_t)	16	static
../Core/Src/telemetry.cpp:790:20:uint8_t stm32wb_at_ll_Init()	8	static
../Core/Src/telemetry.cpp:802:20:uint8_t stm32wb_at_ll_DeInit()	8	static
../Core/Src/telemetry.cpp:808:20:uint8_t stm32wb_at_ll_Transmit(uint8_t*, uint16_t)	16	static
../Core/Src/telemetry.cpp:813:17:void stm32wb_at_ll_Async_receive(uint8_t)	16	static
../Core/Src/telemetry.cpp:819:17:void HAL_UART_RxCpltCallback(UART_HandleTypeDef*)	16	static
../Core/Src/telemetry.cpp:831:17:void HAL_GPIO_EXTI_Rising_Callback(uint16_t)	16	static
../Core/Src/telemetry.cpp:841:20:uint8_t stm32wb_at_BLE_TEST_cb(stm32wb_at_BLE_TEST_t*)	16	static
../Core/Src/telemetry.cpp:848:20:uint8_t stm32wb_at_BLE_EVT_CONN_cb(stm32wb_at_BLE_EVT_CONN_t*)	16	static
../Core/Src/telemetry.cpp:856:20:uint8_t stm32wb_at_BLE_EVT_WRITE_cb(stm32wb_at_BLE_EVT_WRITE_t*)	24	static
