D:\App\ST\STM32CubeIDE_2.1.1\STM32CubeIDE\plugins\com.st.stm32cube.ide.mcu.externaltools.gnu-tools-for-stm32.14.3.rel1.win32_1.0.100.202602081740\tools\bin/../lib/gcc/arm-none-eabi/14.3.1/../../../../arm-none-eabi/include/c++/14.3.1/bits/std_abs.h:56:3:long int std::abs(long int)	16	static
../Core/Src/tests_audio.cpp:34:6:bool apptest::{anonymous}::reselectAdf1Pll3Clock()	208	static
../Core/Src/tests_audio.cpp:51:6:void apptest::{anonymous}::releaseCubeMxAdfOnce()	8	static
../Core/Src/tests_audio.cpp:61:6:bool apptest::{anonymous}::bspAudioInit(uint32_t)	40	static
../Core/Src/tests_audio.cpp:82:8:apptest::Result apptest::{anonymous}::analyzeSignal(size_t, const char*, const char*)	72	static
../Core/Src/tests_audio.cpp:108:8:apptest::Result apptest::{anonymous}::dmaCapture(uint32_t, const char*)	32	static
../Core/Src/tests_audio.cpp:156:8:apptest::Result apptest::{anonymous}::pollingCapture(uint32_t, const char*)	160	static
../Core/Src/tests_audio.cpp:223:8:apptest::Result apptest::{anonymous}::recordAndCheck(uint32_t, const char*)	16	static
../Core/Src/tests_audio.cpp:236:8:apptest::Result apptest::testMic1()	8	static
../Core/Src/tests_audio.cpp:241:8:apptest::Result apptest::testMic2()	8	static
