D:/App/STM32CubeIDE/workspace_2.1.1/B-U585I-IOT02A/Drivers/BSP/Components/stm32wb_at/stm32wb_at_client.c:45:9:stm32wb_at_client_Init	8	static
D:/App/STM32CubeIDE/workspace_2.1.1/B-U585I-IOT02A/Drivers/BSP/Components/stm32wb_at/stm32wb_at_client.c:58:9:stm32wb_at_client_Query	24	static
D:/App/STM32CubeIDE/workspace_2.1.1/B-U585I-IOT02A/Drivers/BSP/Components/stm32wb_at/stm32wb_at_client.c:97:9:stm32wb_at_client_Process_rx_frame	520	static
D:/App/STM32CubeIDE/workspace_2.1.1/B-U585I-IOT02A/Drivers/BSP/Components/stm32wb_at/stm32wb_at_client.c:1220:9:stm32wb_at_client_Set	208	static
D:/App/STM32CubeIDE/workspace_2.1.1/B-U585I-IOT02A/Drivers/BSP/Components/stm32wb_at/stm32wb_at_client.c:1532:16:stm32wb_at_client_Wait_ready	16	static
