D:/App/STM32CubeIDE/workspace_2.1.1/B-U585I-IOT02A/Drivers/BSP/Components/stm32wb_at/stm32wb_at_client.c:43:9:stm32wb_at_client_Init	8	static
D:/App/STM32CubeIDE/workspace_2.1.1/B-U585I-IOT02A/Drivers/BSP/Components/stm32wb_at/stm32wb_at_client.c:56:9:stm32wb_at_client_Query	24	static
D:/App/STM32CubeIDE/workspace_2.1.1/B-U585I-IOT02A/Drivers/BSP/Components/stm32wb_at/stm32wb_at_client.c:95:9:stm32wb_at_client_Process_rx_frame	520	static
D:/App/STM32CubeIDE/workspace_2.1.1/B-U585I-IOT02A/Drivers/BSP/Components/stm32wb_at/stm32wb_at_client.c:1218:9:stm32wb_at_client_Set	208	static
D:/App/STM32CubeIDE/workspace_2.1.1/B-U585I-IOT02A/Drivers/BSP/Components/stm32wb_at/stm32wb_at_client.c:1530:16:stm32wb_at_client_Wait_ready	16	static
